#************************************************************************#
#************************************************************************#
# File		: sg13g2.map
# DATE		: September 28, 2022
#*************************************************************************
#************************************************************************* 
#                                                                         
# Copyright 2023 IHP PDK Authors                                         
#                                                                       
# Licensed under the Apache License, Version 2.0 (the "License");       
# you may not use this file except in compliance with the License.      
# You may obtain a copy of the License at                                     
#                                                                             
#     https://www.apache.org/licenses/LICENSE-2.0                             
#                                                                             
# Unless required by applicable law or agreed to in writing, software         
# distributed under the License is distributed on an "AS IS" BASIS,           
# WITHOUT WARRANTIES OR CONDITIONS OF ANY KIND, either express or implied.    
# See the License for the specific language governing permissions and         
# limitations under the License.                                              
#                                                                             
#************************************************************************* 
#-------------------------------------------------------------------------
# EDI Stream layer mapping table for SG13
# Version: 1.0 
# Date: 22 Aug 2023
# Use only in combination with valid GDSII data of all used blocks!
#-------------------------------------------------------------------------
#EDI Layer Name	  EDI Layer Type   GDS Layer Number   GDS Layer Type
#==============	  ==============   ================   ==============

Metal1		NET,SPNET,PIN,LEFPIN,VIA	8		0
Metal1		PIN,LEFPIN					8		2
Metal1		FILL						8		22
Metal1		LEFOBS						8		4

#NAME		Metal1/NET		20		0
#NAME		Metal1/SPNET	20		0
NAME		Metal1/PIN		8		25
#NAME		Metal1/LEFPIN	20		0

Via1		PIN		19		0
Via1		LEFPIN	19		0
Via1		VIA		19		0

Metal2		NET,SPNET,PIN,LEFPIN,VIA	10		0
Metal2		PIN,LEFPIN					10		2
Metal2		FILL						10		22
Metal2		LEFOBS						10		4

#NAME		Metal2/NET		21		0
#NAME		Metal2/SPNET	21		0
NAME		Metal2/PIN		10		25
#NAME		Metal2/LEFPIN	21		0

Via2		PIN		29		0
Via2		LEFPIN	29		0
Via2		VIA		29		0


Metal3		NET,SPNET,PIN,LEFPIN,VIA	30		0
Metal3		PIN,LEFPIN					30		2
Metal3		FILL						30		22
Metal3		LEFOBS						30		4

#NAME		Metal3/NET		22		0
#NAME		Metal3/SPNET	22		0
NAME		Metal3/PIN		30		25
#NAME		Metal3/LEFPIN	22		0

Via3		PIN		49		0
Via3		LEFPIN	49		0
Via3		VIA		49		0


Metal4		NET,SPNET,PIN,LEFPIN,VIA	50		0
Metal4		PIN,LEFPIN					50		2
Metal4		FILL						50		22
Metal4		LEFOBS						50		4

#NAME		Metal4/NET		23		0
#NAME		Metal4/SPNET	23		0
NAME		Metal4/PIN		50		25
#NAME		Metal4/LEFPIN	23		0

Via4		PIN		66		0
Via4		LEFPIN	66		0
Via4		VIA		66		0


Metal5		NET,SPNET,PIN,LEFPIN,VIA	67		0
Metal5		PIN,LEFPIN					67		2
Metal5		FILL						67		22
Metal5		LEFOBS						67		4

#NAME		Metal5/NET		70		0
#NAME		Metal5/SPNET	70		0
NAME		Metal5/PIN		67		25
#NAME		Metal5/LEFPIN	70		0

TopVia1		PIN		125		0
TopVia1		LEFPIN	125		0
TopVia1		VIA		125		0

TopMetal1		NET,SPNET,PIN,LEFPIN,VIA	126		0
TopMetal1		PIN,LEFPIN					126		2
TopMetal1		FILL						126		22
TopMetal1		LEFOBS						126		4

#NAME		TopMetal1/NET		130		0
#NAME		TopMetal1/SPNET		130		0
NAME		TopMetal1/PIN		126		25
#NAME		TopMetal1/LEFPIN	130		0

TopVia2		PIN		133		0
TopVia2		LEFPIN		133		0
TopVia2		VIA		133		0

TopMetal2		NET,SPNET,PIN,LEFPIN,VIA	134		0
TopMetal2		PIN,LEFPIN					134		2
TopMetal2		FILL						134		22
TopMetal2		LEFOBS						134		4

#NAME		TopMetal2/NET		137		0
#NAME		TopMetal2/SPNET		137		0
NAME		TopMetal2/PIN		134		25
#NAME		TopMetal2/LEFPIN	137		0

NAME		COMP		63		0

COMP		ALL		189		0

DIEAREA		ALL		189		4
