# Commit of IHP-GmbH/IHP-Open-PDK that CI pairs this PDK with.
#
# Most of this PDK is symlinked into a sibling ihp-sg13g2 checkout, so CI needs
# one to exist. Pinning it means a change on the G2 side cannot break this repo
# without someone bumping this file, which is a reviewable step rather than a
# surprise on an unrelated pull request.
#
# check_includes.py walks every %include from the top decks, so bumping this
# pin to a G2 commit that added rule decks fails loudly here rather than
# mid-run, until this PDK has symlinks for them.
#
# To adopt newer G2 work: put the new commit here and make sure the regressions
# still pass. If G2 added rule decks, they need symlinks on this side too.
d2cc0355f26235c777dfcc6867b390fa1e78083f
